// Jest Snapshot v1, https://goo.gl/fbAQLP

exports[` 1`] = `
<div>
  <footer
    class="footer"
  >
    <div
      class="footer__copyright"
    >
      © 
      2022
       Made with ❤️ by
       
      <a
        class="footer__copyright--link"
        href="https://github.com/devandres-tech"
      >
        RUTUJA
      </a>
    </div>
  </footer>
</div>
`;
